---
source: src/serial.rs
expression: "Permission::Manage"
---
"manage"
