---
source: src/serial.rs
expression: "Permission::Write"
---
"write"
