---
source: src/serial.rs
expression: value
---
[
    1,
    2,
    3,
]
