---
source: src/serial.rs
expression: "Permission::Read"
---
"read"
