---
source: src/serial.rs
expression: "QuoteFileCreateRequest{name: \"Good quotes\".to_string(),}"
---
{
  "name": "Good quotes"
}
